
============================================================
PLUGFORGE VALIDATION REPORT
============================================================

Summary: 4 agents, 24 skills
Errors: 0, Warnings: 0

✅ INFO:
   ✓ gm.json spec validated: gm@2.0.1074
   ✓ Agents validated: gm, memorize, research-worker, textprocessing
   ℹ Hooks eliminated - orchestration via file-spool markers (.gm/prd.yml, .gm/mutables.yml, .gm/needs-gm, .gm/gm-fired-<id>)
   ✓ Skills validated: browser, code-search, create-lang-plugin, gm, gm-cc, gm-codex, gm-complete, gm-copilot-cli, gm-cursor, gm-emit, gm-execute, gm-gc, gm-jetbrains, gm-kilo, gm-oc, gm-vscode, gm-zed, governance, pages, planning, research, ssh, textprocessing, update-docs
   ℹ No MCP servers configured (optional)
   ✓ File integrity check passed (28 files exist)

============================================================
✅ CONFIGURATION VALID - Ready to build!
============================================================


======================================================================
DETAILED BUILD REPORT
======================================================================

Build Results: 15 succeeded, 0 failed
Output Directory: C:\dev\gm\build

SUCCESSFUL BUILDS:
----------------------------------------------------------------------

📦 cc              | 73 files
   Config Files:
     • .claude-plugin\marketplace.json
     • .github\workflows\pages.yml
     • .mcp.json
     • gm-plugkit\package.json
     • gm.json
     ... and 2 more
   Documentation:
     • agents\gm.md
     • agents\memorize.md
     • agents\research-worker.md
     • agents\textprocessing.md
     • AGENTS.md
     ... and 28 more
   Other:
     • .editorconfig
     • .gitignore
     • bin\bootstrap.js
     • bin\plugkit.js
     • bin\plugkit.sha256
     ... and 28 more

📦 gc              | 72 files
   Config Files:
     • .github\workflows\pages.yml
     • .mcp.json
     • gemini-extension.json
     • gm-plugkit\package.json
     • gm.json
     ... and 1 more
   Documentation:
     • agents\gm.md
     • agents\memorize.md
     • agents\research-worker.md
     • agents\textprocessing.md
     • AGENTS.md
     ... and 28 more
   Other:
     • .editorconfig
     • .gitignore
     • bin\bootstrap.js
     • bin\plugkit.js
     • bin\plugkit.sha256
     ... and 28 more

📦 oc              | 77 files
   Config Files:
     • .github\workflows\pages.yml
     • .mcp.json
     • gm-plugkit\package.json
     • gm.json
     • opencode.json
     ... and 1 more
   Documentation:
     • agents\gm.md
     • agents\memorize.md
     • agents\research-worker.md
     • agents\textprocessing.md
     • AGENTS.md
     ... and 28 more
   Other:
     • .editorconfig
     • .gitignore
     • bin\bootstrap.js
     • bin\plugkit.js
     • bin\plugkit.sha256
     ... and 33 more

📦 codex           | 78 files
   Config Files:
     • .agents\plugins\marketplace.json
     • .app.json
     • .codex-plugin\plugin.json
     • .github\workflows\pages.yml
     • .mcp.json
     ... and 4 more
   Documentation:
     • agents\gm.md
     • agents\memorize.md
     • agents\research-worker.md
     • agents\textprocessing.md
     • AGENTS.md
     ... and 28 more
   Other:
     • .editorconfig
     • .gitignore
     • assets\icon.svg
     • assets\logo.svg
     • bin\bootstrap.js
     ... and 31 more

📦 kilo            | 77 files
   Config Files:
     • .github\workflows\pages.yml
     • .mcp.json
     • gm-plugkit\package.json
     • gm.json
     • kilocode.json
     ... and 1 more
   Documentation:
     • agents\gm.md
     • agents\memorize.md
     • agents\research-worker.md
     • agents\textprocessing.md
     • AGENTS.md
     ... and 28 more
   Other:
     • .editorconfig
     • .gitignore
     • bin\bootstrap.js
     • bin\plugkit.js
     • bin\plugkit.sha256
     ... and 33 more

📦 qwen            | 71 files
   Config Files:
     • .github\workflows\pages.yml
     • .mcp.json
     • gm-plugkit\package.json
     • gm.json
     • package.json
     ... and 1 more
   Documentation:
     • agents\gm.md
     • agents\memorize.md
     • agents\research-worker.md
     • agents\textprocessing.md
     • AGENTS.md
     ... and 28 more
   Other:
     • .editorconfig
     • .gitignore
     • bin\bootstrap.js
     • bin\plugkit.js
     • bin\plugkit.sha256
     ... and 27 more

📦 hermes          | 70 files
   Config Files:
     • .github\workflows\pages.yml
     • .mcp.json
     • gm-plugkit\package.json
     • gm.json
     • hermes-skill.json
     ... and 1 more
   Documentation:
     • agents\gm.md
     • agents\memorize.md
     • agents\research-worker.md
     • agents\textprocessing.md
     • AGENTS.md
     ... and 27 more
   Other:
     • .editorconfig
     • .gitignore
     • bin\bootstrap.js
     • bin\plugkit.js
     • bin\plugkit.sha256
     ... and 27 more

📦 thebird         | 70 files
   Config Files:
     • .github\workflows\pages.yml
     • .mcp.json
     • gm-plugkit\package.json
     • gm.json
     • package.json
     ... and 1 more
   Documentation:
     • agents\gm.md
     • agents\memorize.md
     • agents\research-worker.md
     • agents\textprocessing.md
     • AGENTS.md
     ... and 27 more
   Other:
     • .editorconfig
     • .gitignore
     • bin\bootstrap.js
     • bin\plugkit.js
     • bin\plugkit.sha256
     ... and 27 more

📦 vscode          | 51 files
   Config Files:
     • .github\workflows\pages.yml
     • package.json
   Documentation:
     • agents\gm.md
     • CONTRIBUTING.md
     • LICENSE
     • README.md
     • skills\browser\SKILL.md
     ... and 23 more
   Other:
     • .editorconfig
     • .gitignore
     • .vscodeignore
     • bin\bootstrap.js
     • bin\plugkit.js
     ... and 16 more

📦 cursor          | 52 files
   Config Files:
     • .cursor\mcp.json
     • .github\workflows\pages.yml
     • package.json
   Documentation:
     • agents\gm.md
     • CONTRIBUTING.md
     • LICENSE
     • README.md
     • skills\browser\SKILL.md
     ... and 23 more
   Other:
     • .cursorrules
     • .editorconfig
     • .gitignore
     • bin\bootstrap.js
     • bin\plugkit.js
     ... and 16 more

📦 zed             | 51 files
   Config Files:
     • .github\workflows\pages.yml
   Documentation:
     • agents\gm.md
     • CONTRIBUTING.md
     • LICENSE
     • README.md
     • skills\browser\SKILL.md
     ... and 23 more
   Other:
     • .editorconfig
     • .gitignore
     • bin\bootstrap.js
     • bin\plugkit.js
     • bin\plugkit.sha256
     ... and 17 more

📦 jetbrains       | 53 files
   Config Files:
     • .github\workflows\pages.yml
   Documentation:
     • CONTRIBUTING.md
     • docs\gm.md
     • docs\skills\browser\SKILL.md
     • docs\skills\code-search\SKILL.md
     • docs\skills\create-lang-plugin\SKILL.md
     ... and 23 more
   Other:
     • .editorconfig
     • .gitignore
     • bin\bootstrap.js
     • bin\plugkit.js
     • bin\plugkit.sha256
     ... and 19 more

📦 copilot-cli     | 55 files
   Config Files:
     • .github\workflows\pages.yml
     • .mcp.json
     • manifest.yml
     • package.json
     • tools.json
   Documentation:
     • agents\gm.md
     • agents\memorize.md
     • CONTRIBUTING.md
     • copilot-profile.md
     • LICENSE
     ... and 25 more
   Other:
     • .editorconfig
     • .gitignore
     • bin\bootstrap.js
     • bin\plugkit.js
     • bin\plugkit.sha256
     ... and 15 more

📦 antigravity     | 52 files
   Config Files:
     • .github\workflows\pages.yml
     • package.json
   Documentation:
     • agents\gm.md
     • CONTRIBUTING.md
     • LICENSE
     • README.md
     • skills\browser\SKILL.md
     ... and 23 more
   Other:
     • .editorconfig
     • .gitignore
     • .vscodeignore
     • bin\bootstrap.js
     • bin\install.js
     ... and 17 more

📦 windsurf        | 52 files
   Config Files:
     • .github\workflows\pages.yml
     • .windsurf\mcp.json
     • package.json
   Documentation:
     • agents\gm.md
     • CONTRIBUTING.md
     • LICENSE
     • README.md
     • skills\browser\SKILL.md
     ... and 23 more
   Other:
     • .editorconfig
     • .gitignore
     • .windsurfrules
     • bin\bootstrap.js
     • bin\plugkit.js
     ... and 16 more

======================================================================


POTENTIAL ISSUES:

  ⚠️  Some platforms have unusual file counts (avg: 64). This might indicate platform-specific issues.
  ⚠️  cc: Missing hooks configuration
  ⚠️  gc: Missing hooks configuration
  ⚠️  oc: Missing hooks configuration
  ⚠️  codex: Missing hooks configuration
  ⚠️  kilo: Missing hooks configuration
  ⚠️  qwen: Missing hooks configuration
  ⚠️  hermes: Missing hooks configuration
  ⚠️  thebird: Missing hooks configuration
  ⚠️  vscode: Missing hooks configuration
  ⚠️  cursor: Missing hooks configuration
  ⚠️  zed: Missing hooks configuration
  ⚠️  jetbrains: Missing hooks configuration
  ⚠️  jetbrains: Missing gm agent
  ⚠️  copilot-cli: Missing hooks configuration
  ⚠️  antigravity: Missing hooks configuration
  ⚠️  windsurf: Missing hooks configuration

HOOK VALIDATION:

  cc: ⚠️  No hooks directory found
  gc: ⚠️  No hooks directory found
  oc: ⚠️  No hooks directory found
  codex: ⚠️  No hooks directory found
  kilo: ⚠️  No hooks directory found
  qwen: ⚠️  No hooks directory found
  hermes: ⚠️  No hooks directory found
  thebird: ⚠️  No hooks directory found
  vscode: ⚠️  No hooks directory found
  cursor: ⚠️  No hooks directory found
  zed: ⚠️  No hooks directory found
  jetbrains: ⚠️  No hooks directory found
  copilot-cli: ⚠️  No hooks directory found
  antigravity: ⚠️  No hooks directory found
  windsurf: ⚠️  No hooks directory found

